    Blocking waiting for file lock on build directory
   Compiling toml v1.1.2+spec-1.1.0
    Checking byteorder-lite v0.1.0
    Checking color_quant v1.1.0
   Compiling walkdir v2.5.0
   Compiling stylo_atoms v0.18.0 (https://github.com/servo/stylo?rev=8bde0e96db888b7f188830bea261e72b2006fd73#8bde0e96)
    Checking selectors v0.38.0 (https://github.com/servo/stylo?rev=8bde0e96db888b7f188830bea261e72b2006fd73#8bde0e96)
   Compiling aws-lc-rs v1.17.0
    Checking markup5ever v0.39.0
    Checking ptr_meta v0.3.1
    Checking ring v0.17.14
    Checking taffy v0.11.0-experimental-cache-fix.3 (https://github.com/mark-ik/serval.git?branch=main#5f501346)
    Checking app_units v0.7.8
    Checking unicode-width v0.2.2
   Compiling httparse v1.10.1
    Checking float-cmp v0.9.0
   Compiling memchr v2.8.2
    Checking gif v0.14.2
    Checking image-webp v0.2.4
    Checking void v1.0.2
   Compiling stylo v0.18.0 (https://github.com/servo/stylo?rev=8bde0e96db888b7f188830bea261e72b2006fd73#8bde0e96)
    Checking aws-lc-sys v0.41.0
    Checking thiserror v1.0.69
    Checking ttf-parser v0.25.1
    Checking rancor v0.1.1
    Checking tinystr v0.7.6
    Checking litemap v0.7.5
   Compiling stylo_static_prefs v0.18.0 (https://github.com/servo/stylo?rev=8bde0e96db888b7f188830bea261e72b2006fd73#8bde0e96)
    Checking strict-num v0.1.1
   Compiling rustversion v1.0.22
    Checking writeable v0.5.5
    Checking stylo_malloc_size_of v0.18.0 (https://github.com/servo/stylo?rev=8bde0e96db888b7f188830bea261e72b2006fd73#8bde0e96)
    Checking atomic-waker v1.1.2
   Compiling malloc_size_of_derive v0.1.3
   Compiling num-traits v0.2.19
    Checking bytecheck v0.8.2
    Checking unic-char-range v0.9.0
    Checking unicode-bidi-mirroring v0.4.0
    Checking tiny-skia-path v0.12.0
    Checking icu_locid v1.5.0
   Compiling unicase v2.9.0
    Checking unicode-ccc v0.4.0
    Checking unicode-script v0.5.8
   Compiling rustls v0.23.40
    Checking unic-common v0.9.0
    Checking unicode-properties v0.1.4
    Checking unic-char-property v0.9.0
    Checking rend v0.5.3
    Checking stylo_traits v0.18.0 (https://github.com/servo/stylo?rev=8bde0e96db888b7f188830bea261e72b2006fd73#8bde0e96)
   Compiling mime_guess v2.0.5
    Checking h2 v0.4.15
    Checking unic-ucd-version v0.9.0
    Checking stylo_dom v0.18.0 (https://github.com/servo/stylo?rev=8bde0e96db888b7f188830bea261e72b2006fd73#8bde0e96)
    Checking fontdb v0.23.0
    Checking munge v0.4.7
    Checking rustybuzz v0.20.1
    Checking svgtypes v0.16.1
   Compiling stylo_derive v0.18.0 (https://github.com/servo/stylo?rev=8bde0e96db888b7f188830bea261e72b2006fd73#8bde0e96)
    Checking http-body v1.0.1
    Checking uluru v3.1.0
    Checking simplecss v0.2.2
    Checking roxmltree v0.21.1
    Checking unicode-bidi v0.3.18
    Checking atomic_refcell v0.1.14
    Checking imagesize v0.14.0
    Checking unicode-vo v0.1.0
    Checking data-url v0.3.2
    Checking xmlwriter v0.1.0
    Checking unicode-segmentation v1.13.3
    Checking pico-args v0.5.0
    Checking num_cpus v1.17.0
   Compiling khronos_api v3.1.0
    Checking tiny-skia v0.12.0
    Checking unic-ucd-ident v0.9.0
    Checking cfb v0.7.3
    Checking httpdate v1.0.3
    Checking try-lock v0.2.5
    Checking forme v0.1.0 (C:\Users\mark_\Code\repos\mere\crates\forme\forme)
    Checking rustls-webpki v0.103.13
    Checking petgraph v0.8.3
    Checking keyboard-types v0.8.3
    Checking want v0.3.1
    Checking content-security-policy v0.8.0
    Checking urlpattern v0.3.0
    Checking ipc-channel v0.22.0 (https://github.com/mark-ik/serval.git?branch=main#5f501346)
    Checking taffy v0.10.1
    Checking infer v0.19.0
    Checking ordered-float v5.3.0
   Compiling xml-rs v0.8.28
    Checking futures-executor v0.3.32
    Checking nom v8.0.0
   Compiling winapi v0.3.9
    Checking rand_core v0.9.5
   Compiling bitflags v2.13.0
   Compiling smallvec v1.15.2
    Checking usvg v0.47.0
    Checking rkyv v0.8.16
   Compiling anyhow v1.0.102
    Checking rand_chacha v0.9.0
   Compiling naga v29.0.3
   Compiling zerofrom v0.1.8
    Checking servo-allocator v0.2.0 (C:\Users\mark_\Code\repos\serval\components\allocator)
    Checking libloading v0.8.9
   Compiling stable_deref_trait v1.2.1
   Compiling ash v0.38.0+1.3.281
    Checking parking v2.2.1
    Checking bit-vec v0.9.1
   Compiling gl_generator v0.14.0
    Checking raw-window-handle v0.6.2
    Checking rand v0.9.4
   Compiling yoke v0.8.3
    Checking codespan-reporting v0.13.1
    Checking bit-set v0.9.1
    Checking hyper v1.10.1
    Checking chacha20 v0.10.0
    Checking hex v0.4.3
    Checking spirv v0.4.0+sdk-1.4.341.0
    Checking hexf-parse v0.2.1
   Compiling khronos-egl v6.0.0
    Checking unicode-ident v1.0.24
    Checking rustc-hash v1.1.0
    Checking rand v0.10.1
    Checking wgpu-types v29.0.3
   Compiling wgpu-hal v29.0.3
   Compiling equator-macro v0.4.2
    Checking resvg v0.47.0
   Compiling glutin_wgl_sys v0.6.1
    Checking gpu-descriptor-types v0.2.0
    Checking base64ct v1.8.3
    Checking tower-service v0.3.3
   Compiling typenum v1.20.1
    Checking node-lineage v0.1.0 (C:\Users\mark_\Code\repos\mere\crates\graph\node-lineage)
    Checking presser v0.3.1
    Checking gpu-descriptor v0.3.2
   Compiling zerovec v0.11.6
    Checking futures-intrusive v0.5.0
   Compiling blake3 v1.8.5
    Checking renderdoc-sys v1.1.0
    Checking equator v0.4.2
    Checking range-alloc v0.1.5
   Compiling itoa v1.0.18
    Checking glow v0.17.0
    Checking aligned-vec v0.6.4
   Compiling generic-array v0.14.7
    Checking futures v0.3.32
    Checking font-types v0.11.3
   Compiling wgpu-core v29.0.3
    Checking kernel v0.0.1 (C:\Users\mark_\Code\repos\mere\crates\graph\graph-kernel)
   Compiling zmij v1.0.21
    Checking inout v0.1.4
   Compiling litrs v1.0.0
    Checking constant_time_eq v0.4.2
    Checking v_frame v0.3.9
    Checking cipher v0.4.4
    Checking read-fonts v0.39.2
   Compiling serde_json v1.0.150
    Checking hyper-util v0.1.20
   Compiling block-buffer v0.10.4
   Compiling crypto-common v0.1.7
   Compiling wgpu v29.0.3
    Checking universal-hash v0.5.1
    Checking as-slice v0.2.1
    Checking opaque-debug v0.3.1
   Compiling wasmtime-internal-core v45.0.2
   Compiling document-features v0.2.12
    Checking data-encoding v2.11.0
crates\graph\graph-kernel\src\graph\mod.rs:19:22: warning: unused imports: `astar`, `dijkstra`, `has_path_connecting`, and `kosaraju_scc`
crates\graph\graph-kernel\src\graph\mod.rs:23:5: warning: unused import: `petgraph::visit::UndirectedAdaptor`
crates\graph\graph-kernel\src\graph\mod.rs:25:26: warning: unused import: `Direction`
crates\graph\graph-kernel\src\graph\mod.rs:26:21: warning: unused imports: `Archived`, `Place`, and `Resolver`
crates\graph\graph-kernel\src\graph\mod.rs:35:5: warning: unused imports: `GraphSnapshot`, `PersistedAddress`, `PersistedArrangementEdgeData`, `PersistedArrangementSubKind`, `PersistedContainmentEdgeData`, `PersistedContainmentSubKind`, `PersistedEdgeFamily`, `PersistedEdge`, `PersistedImportedEdgeData`, `PersistedImportedSubKind`, `PersistedNavigationTrigger`, `PersistedNodeSessionState`, `PersistedNode`, `PersistedProvenanceEdgeData`, `PersistedProvenanceSubKind`, `PersistedSemanticEdgeData`, `PersistedSemanticSubKind`, `PersistedTraversalEdgeData`, `PersistedTraversalMetrics`, and `PersistedTraversalRecord`
crates\graph\graph-kernel\src\graph\import_records.rs:28:5: warning: unused import: `format_imported_at_secs`
crates\graph\graph-kernel\src\graph\node_props.rs:23:5: warning: unused import: `std::time::SystemTime`
crates\graph\graph-kernel\src\graph\node_props.rs:31:5: warning: unused import: `ClassificationProvenance`
crates\graph\graph-kernel\src\graph\query.rs:15:42: warning: unused import: `VecDeque`
crates\graph\graph-kernel\src\graph\snapshot\from.rs:11:5: warning: unused import: `std::collections::HashMap`
crates\graph\graph-kernel\src\graph\snapshot\from.rs:12:5: warning: unused import: `std::time::SystemTime`
crates\graph\graph-kernel\src\graph\snapshot\from.rs:14:32: warning: unused import: `Vector2D`
crates\graph\graph-kernel\src\graph\snapshot\from.rs:18:5: warning: unused import: `super::containment_parent_url`
crates\graph\graph-kernel\src\graph\snapshot\from.rs:22:32: warning: unused imports: `PersistedEdgeFamily` and `PersistedNodeSessionState`
crates\graph\graph-kernel\src\graph\snapshot\to.rs:24:5: warning: unused import: `crate::types::format_imported_at_secs`
   Compiling windows_x86_64_msvc v0.52.6
   Compiling av-scenechange v0.14.1
   Compiling syn v1.0.109
   Compiling built v0.8.1
   Compiling paste v1.0.15
    Checking aligned v0.4.3
   Compiling digest v0.10.7
    Checking tokio-rustls v0.26.4
   Compiling tinystr v0.8.3
    Checking sha1 v0.10.6
   Compiling arg_enum_proc_macro v0.3.4
   Compiling rav1e v0.8.1
    Checking no_std_io2 v0.9.4
   Compiling writeable v0.6.3
   Compiling litemap v0.8.2
   Compiling pastey v0.1.1
   Compiling crunchy v0.2.4
   Compiling cpufeatures v0.2.17
    Checking y4m v0.8.0
    Checking bitstream-io v4.10.0
   Compiling sha2 v0.10.9
   Compiling icu_locale_core v2.2.0
    Checking av1-grain v0.2.5
crates\graph\graph-kernel\src\graph\mod.rs:26:72: warning: unused import: `rancor::Fallible`
crates\graph\graph-kernel\src\graph\mod.rs:24:23: warning: unused import: `EdgeRef`
   Compiling potential_utf v0.1.5
   Compiling zerotrie v0.2.4
    Checking maybe-rayon v0.1.1
   Compiling zstd-sys v2.0.16+zstd.1.5.7
   Compiling simd_helpers v0.1.0
   Compiling noop_proc_macro v0.3.0
   Compiling pin-project-lite v0.2.17
    Checking imgref v1.12.2
   Compiling utf8_iter v1.0.4
    Checking const-oid v0.10.2
   Compiling futures-core v0.3.32
   Compiling icu_collections v2.2.0
   Compiling icu_provider v2.2.0
   Compiling cranelift-bitset v0.132.2
    Checking loop9 v0.1.5
    Checking windows-targets v0.52.6
crates\graph\graph-kernel\src\graph\snapshot\from.rs:52:64: warning: value assigned to `restore_url_from_session` is never read
    Checking zune-inflate v0.2.54
    Checking aead v0.5.2
   Compiling servo-config-macro v0.2.0 (C:\Users\mark_\Code\repos\serval\components\config\macro)
   Compiling pin-project-internal v1.1.13
    Checking avif-serialize v0.8.9
    Checking fax v0.2.7
    Checking bit_field v0.10.3
    Checking pollster v0.4.0
    Checking pxfm v0.1.29
crates\graph\graph-kernel\src\graph\mod.rs:200:15: warning: function `current_unix_timestamp_secs` is never used
crates\graph\graph-kernel\src\graph\mod.rs:488:19: warning: methods `navigate_node`, `branch_history`, `node_history_back`, `node_history_forward`, and `recompute_cached_hosts` are never used
crates\graph\graph-kernel\src\graph\import_records.rs:83:19: warning: methods `delete_import_record`, `set_import_record_membership_suppressed`, `set_import_records`, and `set_node_import_provenance` are never used
crates\graph\graph-kernel\src\graph\node_props.rs:324:19: warning: multiple methods are never used
crates\graph\graph-kernel\src\graph\field_ops.rs:34:19: warning: methods `activate_field` and `retract_coupling` are never used
crates\graph\graph-kernel\src\graph\edge_ops.rs:178:19: warning: methods `dissolve_remove_node_collect_traversals` and `get_edge_mut` are never used
crates\graph\graph-kernel\src\graph\query.rs:35:19: warning: method `get_node_mut` is never used
   Compiling target-lexicon v0.13.5
    Checking lebe v0.5.3
warning: `kernel` (lib) generated 25 warnings (run `cargo fix --lib -p kernel` to apply 15 suggestions)
   Compiling crossbeam-utils v0.8.21
   Compiling scopeguard v1.2.0
    Checking servo-config v0.2.0 (C:\Users\mark_\Code\repos\serval\components\config)
    Checking exr v1.74.0
    Checking tiff v0.11.3
   Compiling lock_api v0.4.14
    Checking wgpu-naga-bridge v29.0.3
    Checking rustls-platform-verifier v0.6.2
    Checking futures-lite v2.6.1
    Checking linebender_resource_handle v0.1.1
    Checking pin-project v1.1.13
    Checking tokio-stream v0.1.18
    Checking qoi v0.4.1
   Compiling n0-error-macros v0.1.3
   Compiling icu_properties_data v2.2.0
   Compiling spez v0.1.2
   Compiling icu_normalizer_data v2.2.0
    Checking hybrid-array v0.4.12
   Compiling futures-sink v0.3.32
   Compiling vcpkg v0.2.15
    Checking lazy_static v1.5.0
   Compiling zstd-safe v7.2.4
    Checking lru-slab v0.1.2
    Checking ryu v1.0.23
   Compiling icu_properties v2.2.0
    Checking ravif v0.13.0
    Checking gpu-allocator v0.28.0
   Compiling icu_normalizer v2.2.0
    Checking n0-error v0.1.3
    Checking pem-rfc7468 v1.0.0
   Compiling derive_builder_core v0.20.2
   Compiling zerocopy v0.8.52
   Compiling yoke-derive v0.7.5
    Checking moxcms v0.8.1
   Compiling cookie v0.18.1
   Compiling percent-encoding v2.3.2
   Compiling libsqlite3-sys v0.30.1
   Compiling cranelift-srcgen v0.132.2
   Compiling idna_adapter v1.2.2
    Checking der v0.8.0-rc.10
   Compiling derive_builder_macro v0.20.2
   Compiling form_urlencoded v1.2.2
   Compiling cranelift-assembler-x64-meta v0.132.2
    Checking crypto-common v0.2.2
    Checking yoke v0.7.5
    Checking block-buffer v0.12.1
    Checking skrifa v0.42.1
   Compiling parking_lot_core v0.9.12
    Checking webpki-roots v1.0.8
   Compiling half v2.7.1
   Compiling mio v1.2.1
   Compiling socket2 v0.6.4
    Checking image v0.25.10
   Compiling hashbrown v0.16.1
    Checking wgpu-core-deps-windows-linux-android v29.0.3
   Compiling n0-future v0.3.2
   Compiling zerovec-derive v0.10.3
    Checking num-complex v0.4.6
    Checking diatomic-waker v0.2.3
    Checking spin v0.10.0
   Compiling arrayvec v0.7.6
    Checking inventory v0.3.24
   Compiling foldhash v0.1.5
   Compiling allocator-api2 v0.2.21
    Checking cordyceps v0.3.4
   Compiling futures-io v0.3.32
   Compiling slab v0.4.12
   Compiling bytes v1.12.0
    Checking servo-malloc-size-of v0.2.0 (C:\Users\mark_\Code\repos\serval\components\malloc_size_of)
    Checking signature v2.2.0
   Compiling futures-task v0.3.32
    Checking zerovec v0.10.4
   Compiling parking_lot v0.12.5
    Checking digest v0.11.3
   Compiling hashbrown v0.15.5
    Checking futures-buffered v0.2.13
    Checking spki v0.8.0-rc.4
   Compiling derive_builder v0.20.2
   Compiling tokio v1.52.3
    Checking servo-paint-types v0.2.0 (C:\Users\mark_\Code\repos\serval\components\shared\paint-types)
    Checking ed25519 v2.2.3
    Checking servo-url v0.2.0 (C:\Users\mark_\Code\repos\serval\components\url)
   Compiling futures-util v0.3.32
    Checking curve25519-dalek v4.1.3
   Compiling idna v1.1.0
   Compiling concurrent-queue v2.5.0
   Compiling vergen-lib v9.1.0
    Checking http-body-util v0.1.3
   Compiling tracing-core v0.1.36
   Compiling curve25519-dalek v5.0.0-pre.6
   Compiling noq-udp v0.10.0
    Checking color v0.3.3
   Compiling pulley-macros v45.0.2
    Checking leb128fmt v0.1.0
   Compiling crc-catalog v2.5.0
    Checking ciborium-io v0.2.2
    Checking svg_fmt v0.4.5
   Compiling icu_segmenter_data v1.5.1
    Checking servo-base v0.2.0 (C:\Users\mark_\Code\repos\serval\components\shared\base)
    Checking ciborium-ll v0.2.2
   Compiling crc v3.4.0
   Compiling event-listener v5.4.1
    Checking ed25519-dalek v2.2.0
    Checking guillotiere v0.7.0
   Compiling tracing v0.1.44
   Compiling url v2.5.8
   Compiling hashlink v0.10.0
    Checking pkcs8 v0.11.0-rc.10
    Checking cranelift-entity v0.132.2
    Checking peniko v0.6.1
   Compiling crossbeam-queue v0.3.12
   Compiling spin v0.9.8
    Checking polyval v0.6.2
   Compiling vergen v9.1.0
   Compiling vergen-lib v0.1.6
    Checking rand_chacha v0.3.1
   Compiling toml_edit v0.25.12+spec-1.1.0
   Compiling either v1.16.0
    Checking gimli v0.33.0
    Checking bumpalo v3.20.3
   Compiling icu_provider_macros v1.5.0
   Compiling wasmtime-internal-versioned-export-macros v45.0.2
    Checking sync_wrapper v1.0.2
    Checking semver v1.0.28
   Compiling cookie v0.16.2
   Compiling base64 v0.22.1
   Compiling tiny-keccak v2.0.2
   Compiling cranelift-isle v0.132.2
    Checking signature v3.0.0
    Checking zstd v0.13.3
    Checking wasmparser v0.248.0
    Checking ed25519 v3.0.0-rc.4
   Compiling serde_urlencoded v0.7.1
    Checking rand v0.8.6
    Checking icu_provider v1.5.0
    Checking vello_encoding v0.9.0
   Compiling sqlx-core v0.8.6
   Compiling proc-macro-crate v3.5.0
   Compiling data-encoding-macro-internal v0.1.18
    Checking cranelift-bforest v0.132.2
    Checking ghash v0.5.1
    Checking servo-pixels v0.2.0 (C:\Users\mark_\Code\repos\serval\components\pixels)
   Compiling flume v0.11.1
   Compiling pulley-interpreter v45.0.2
    Checking ciborium v0.2.2
    Checking icu_collections v1.5.0
    Checking sha2 v0.11.0-rc.5
    Checking hyper-rustls v0.27.9
   Compiling futures-channel v0.3.32
    Checking inker v0.0.1 (C:\Users\mark_\Code\repos\mere\crates\inker)
    Checking windows-sys v0.59.0
    Checking ctr v0.9.2
    Checking aes v0.8.4
   Compiling atoi v2.0.0
   Compiling vergen-gitcl v1.0.8
    Checking prefix-trie v0.8.4
    Checking headers-core v0.3.0
    Checking paint_list_api v0.0.1 (C:\Users\mark_\Code\repos\netrender\paint_list_api)
   Compiling powerfmt v0.2.0
    Checking tower-layer v0.3.3
   Compiling deranged v0.5.8
    Checking dpi v0.1.2
   Compiling object v0.39.1
   Compiling cranelift-codegen-shared v0.132.2
    Checking ed25519-dalek v3.0.0-pre.6
    Checking aes-gcm v0.10.3
    Checking hickory-proto v0.26.0-beta.4
    Checking headers v0.4.1
   Compiling cranelift-codegen-meta v0.132.2
    Checking icu_segmenter v1.5.0
    Checking p2panda-core v0.6.1
    Checking data-encoding-macro v0.1.20
   Compiling sqlx-sqlite v0.8.6
   Compiling time v0.3.49
   Compiling cranelift-assembler-x64 v0.132.2
    Checking oxsdatatypes v0.2.2
    Checking fastbloom v0.17.0
   Compiling noq v0.18.0
    Checking http v0.2.12
   Compiling enum-assoc v1.3.0
   Compiling getrandom v0.2.17
    Checking winapi-util v0.1.11
    Checking hashbrown v0.14.5
    Checking oxiri v0.2.11
   Compiling ipconfig v0.3.4
    Checking oxilangtag v0.1.6
    Checking identity-hash v0.1.0
   Compiling dotenvy v0.15.7
   Compiling cpp_demangle v0.4.5
   Compiling servo-embedder-traits v0.2.0 (C:\Users\mark_\Code\repos\serval\components\shared\embedder)
   Compiling vello_shaders v0.9.0
    Checking sorted-index-buffer v0.2.1
    Checking dashmap v6.2.1
    Checking wasm-encoder v0.248.0
    Checking oxrdf v0.3.3
   Compiling const-random-macro v0.1.16
    Checking noq-proto v0.17.0
    Checking termcolor v1.4.1
    Checking webdriver v0.53.0
   Compiling sqlx-macros-core v0.8.6
    Checking servo-hyper-serde v0.2.0 (C:\Users\mark_\Code\repos\serval\components\hyper_serde)
    Checking iroh-base v0.98.0
    Checking tower v0.5.3
   Compiling num_enum_derive v0.7.6
    Checking netrender_device v0.0.1 (C:\Users\mark_\Code\repos\netrender\netrender_device)
    Checking servo-profile-traits v0.2.0 (C:\Users\mark_\Code\repos\serval\components\shared\profile)
    Checking servo-geometry v0.2.0 (C:\Users\mark_\Code\repos\serval\components\geometry)
   Compiling cranelift-codegen v0.132.2
    Checking tempfile v3.27.0
    Checking windows-registry v0.6.1
    Checking lru v0.16.4
    Checking pem v3.0.6
   Compiling acto v0.8.2
   Compiling netwatch v0.16.0
   Compiling iroh-metrics-derive v0.4.1
    Checking chrono v0.4.45
   Compiling ahash v0.8.12
    Checking mac-addr v0.3.0
   Compiling windows_x86_64_msvc v0.53.1
    Checking widestring v1.2.1
    Checking arbitrary v1.4.2
    Checking tagptr v0.2.0
   Compiling io-lifetimes v2.0.4
    Checking netdev v0.42.0
    Checking vello v0.9.0
    Checking iroh-metrics v0.38.3
    Checking xmltree v0.10.3
    Checking wmi v0.18.4
    Checking moka v0.12.15
    Checking cranelift-control v0.132.2
   Compiling sqlx-macros v0.8.6
    Checking netrender v0.0.1 (C:\Users\mark_\Code\repos\netrender\netrender)
    Checking num_enum v0.7.6
    Checking tower-http v0.6.11
   Compiling iroh-relay v0.98.0
    Checking const-random v0.1.18
    Checking wasmprinter v0.248.0
    Checking hickory-net v0.26.0-beta.4
    Checking regalloc2 v0.15.1
    Checking n0-watcher v0.6.1
    Checking poly1305 v0.8.0
    Checking wio v0.2.2
    Checking chacha20 v0.9.1
    Checking rustls-platform-verifier v0.7.0
    Checking password-hash v0.5.0
    Checking layout-dom-api v0.2.0 (C:\Users\mark_\Code\repos\serval\components\shared\layout-dom)
    Checking attohttpc v0.30.1
    Checking blake2 v0.10.6
    Checking simple-dns v0.9.3
   Compiling proc-macro-error-attr v0.4.12
    Checking smol_str v0.1.24
    Checking rustc-demangle v0.1.27
    Checking winnow v0.7.15
    Checking parlance v0.1.0
    Checking resolv-conf v0.7.6
    Checking wasmtime-internal-component-util v45.0.2
    Checking reqwest v0.13.4
    Checking argon2 v0.5.3
    Checking chacha20poly1305 v0.10.1
    Checking igd-next v0.17.1
    Checking sqlx v0.8.6
    Checking iroh-dns v0.98.0
    Checking hickory-resolver v0.26.0-beta.4
    Checking fontique v0.10.0
    Checking wasmtime-environ v45.0.2
    Checking harfrust v0.8.4
   Compiling syn-mid v0.5.4
    Checking tokio-websockets v0.13.2
    Checking html5ever v0.39.0
    Checking parley_data v0.10.0
    Checking num-iter v0.1.45
    Checking seize v0.5.1
   Compiling iroh v0.98.2
    Checking yasna v0.6.0
   Compiling proc-macro-error v0.4.12
    Checking bit-vec v0.6.3
   Compiling io-extras v0.18.4
   Compiling redb v2.6.3
    Checking cmov v0.5.4
   Compiling proc-macro-hack v0.5.20+deprecated
    Checking num v0.4.3
    Checking windows-targets v0.53.5
    Checking bit-set v0.5.3
    Checking p2panda-store v0.6.1
    Checking portmapper v0.16.0
    Checking papaya v0.2.4
    Checking ctutils v0.4.2
    Checking swarm-discovery v0.6.0-alpha.2
    Checking identity v0.0.1 (C:\Users\mark_\Code\repos\mere\crates\persona\identity)
    Checking rcgen v0.14.8
    Checking wasm-encoder v0.252.0
    Checking engine-observables-api v0.2.0 (C:\Users\mark_\Code\repos\serval\components\shared\engine-observables-api)
    Checking parley v0.10.0
    Checking xml5ever v0.39.0
    Checking backon v1.6.0
    Checking safe_arch v1.0.0
   Compiling ittapi-sys v0.4.0
   Compiling irpc-derive v0.11.0
    Checking approx v0.5.1
   Compiling matrixmultiply v0.3.10
   Compiling wasmtime-internal-unwinder v45.0.2
    Checking winnow v1.0.3
   Compiling ref-cast v1.0.25
    Checking self_cell v1.2.2
   Compiling cap-primitives v3.4.5
    Checking alloc-no-stdlib v2.0.4
   Compiling id-arena v2.3.0
   Compiling peg-runtime v0.8.6
    Checking toml_parser v1.1.2+spec-1.1.0
    Checking wide v1.5.0
   Compiling wit-parser v0.248.0
    Checking serval-static-dom v0.2.0 (C:\Users\mark_\Code\repos\serval\components\serval-static-dom)
    Checking alloc-stdlib v0.2.4
    Checking wast v252.0.0
    Checking irpc v0.14.0
   Compiling peg-macros v0.8.6
    Checking fancy-regex v0.13.0
    Checking windows-sys v0.60.2
    Checking fraction v0.15.4
    Checking fs-set-times v0.20.3
    Checking paint_list_render v0.0.1 (C:\Users\mark_\Code\repos\netrender\paint_list_render)
    Checking winx v0.36.4
   Compiling wasmtime-internal-fiber v45.0.2
   Compiling wasmtime-internal-jit-debug v45.0.2
    Checking dirs-sys-next v0.1.2
    Checking iso8601 v0.6.3
   Compiling cobs v0.3.0
   Compiling bon-macros v2.3.0
   Compiling quinn-udp v0.5.14
   Compiling ref-cast-impl v1.0.25
   Compiling servo-tracing v0.2.0 (C:\Users\mark_\Code\repos\serval\components\servo_tracing)
    Checking toml_datetime v0.7.5+spec-1.1.0
    Checking serde_spanned v1.1.1
    Checking quick-xml v0.37.5
   Compiling wasmtime-internal-cranelift v45.0.2
    Checking rawpointer v0.2.1
    Checking downcast-rs v2.0.2
   Compiling leb128 v0.2.7
    Checking num-cmp v0.1.0
    Checking maybe-owned v0.3.4
    Checking json-event-parser v0.2.3
   Compiling wasmtime-internal-cache v45.0.2
    Checking bytecount v0.6.9
    Checking fixedbitset v0.4.2
    Checking toml_writer v1.1.1+spec-1.1.0
   Compiling wasmtime-internal-component-macro v45.0.2
    Checking ambient-authority v0.0.2
    Checking simba v0.10.0
    Checking servo-paint-api v0.2.0 (C:\Users\mark_\Code\repos\serval\components\shared\paint)
   Compiling wast v35.0.2
    Checking jsonschema v0.18.3
    Checking peg v0.8.6
    Checking toml v0.9.12+spec-1.1.0
    Checking petgraph v0.6.5
   Compiling wasmtime-internal-wit-bindgen v45.0.2
   Compiling genawaiter-proc-macro v0.99.1
    Checking wat v1.252.0
   Compiling postcard v1.1.3
    Checking directories-next v2.0.0
    Checking serval-scripted-dom v0.2.0 (C:\Users\mark_\Code\repos\serval\components\serval-scripted-dom)
    Checking brotli-decompressor v5.0.3
    Checking glam v0.33.1
    Checking dwrote v0.11.5
    Checking uxtree v0.0.1 (C:\Users\mark_\Code\repos\mere\crates\forme\uxtree)
    Checking bon v2.3.0
   Compiling wasmtime v45.0.2
    Checking futures-concurrency v7.7.1
    Checking fastbloom v0.14.1
   Compiling darling_core v0.23.0
   Compiling quinn v0.11.9
    Checking debugid v0.8.0
    Checking inplace-vec-builder v0.1.1
   Compiling nalgebra-macros v0.3.0
    Checking ownedbytes v0.9.0
   Compiling typeid v1.0.3
    Checking heck v0.5.0
   Compiling cap-std v3.4.5
    Checking binary-merge v0.1.2
    Checking sys-locale v0.3.2
   Compiling prettyplease v0.2.37
    Checking genawaiter-macro v0.99.1
    Checking ractor v0.15.13
    Checking wasm-compose v0.248.0
    Checking range-collections v0.4.6
    Checking servo-net-traits v0.2.0 (C:\Users\mark_\Code\repos\serval\components\shared\net)
    Checking genawaiter v0.99.1
    Checking nalgebra v0.35.0
    Checking fxprof-processed-profile v0.8.1
    Checking quinn-proto v0.11.14
    Checking tantivy-common v0.11.0
   Compiling witx v0.9.1
    Checking bitpacking v0.9.3
    Checking servo-fonts-traits v0.2.0 (C:\Users\mark_\Code\repos\serval\components\shared\fonts)
    Checking brotli v8.0.4
    Checking cranelift-frontend v0.132.2
    Checking cranelift-native v0.132.2
    Checking ittapi v0.4.0
    Checking eidetic v0.0.1 (C:\Users\mark_\Code\repos\mere\crates\eidetic\eidetic-core)
    Checking spargebra v0.4.6
    Checking p2panda-sync v0.6.1
    Checking p2panda-discovery v0.6.1
    Checking servo-webxr-api v0.2.0 (C:\Users\mark_\Code\repos\serval\components\shared\webxr)
   Compiling darling_macro v0.23.0
    Checking addr2line v0.26.1
    Checking iroh-io v0.6.2
    Checking wasmtime-internal-jit-icache-coherence v45.0.2
    Checking cartography v0.0.1 (C:\Users\mark_\Code\repos\mere\crates\orrery\cartography)
    Checking positioned-io v0.3.5
   Compiling aho-corasick v1.1.4
    Checking rand_chacha v0.10.0
   Compiling webview2-com-sys v0.39.1
   Compiling winit v0.30.13
   Compiling iroh-blobs v0.100.0
    Checking path-dedot v3.1.1
    Checking iroh-gossip v0.98.0
   Compiling regex-syntax v0.8.11
   Compiling erased-serde v0.4.10
    Checking compare v0.0.6
    Checking utf8-ranges v1.0.5
    Checking ryu-js v1.0.2
   Compiling rustix v1.1.4
    Checking compression-core v0.4.32
   Compiling wiggle-macro v45.0.2
    Checking anymore v1.0.0
    Checking tantivy-fst v0.5.0
    Checking oxjsonld v0.2.5
    Checking interval-heap v0.0.5
    Checking compression-codecs v0.4.38
    Checking p2panda-net v0.6.1
    Checking xilem_core v0.4.0 (C:\Users\mark_\Code\repos\serval\components\xilem-core)
   Compiling wiggle-generate v45.0.2
   Compiling regex-automata v0.4.14
    Checking servo-canvas-traits v0.2.0 (C:\Users\mark_\Code\repos\serval\components\shared\canvas)
    Checking glamx v0.3.0
    Checking sparopt v0.3.6
    Checking path-absolutize v3.1.1
    Checking bao-tree v0.16.0
    Checking servo-devtools-traits v0.2.0 (C:\Users\mark_\Code\repos\serval\components\shared\devtools)
   Compiling darling v0.23.0
    Checking tantivy-bitpacker v0.10.0
    Checking oxrdfxml v0.2.3
    Checking sparesults v0.3.3
    Checking servo-wakelock v0.2.0 (C:\Users\mark_\Code\repos\serval\components\wakelock)
    Checking servo-storage-traits v0.2.0 (C:\Users\mark_\Code\repos\serval\components\shared\storage)
    Checking iroh-tickets v0.5.0
    Checking oxttl v0.2.3
   Compiling nested_enum_utils v0.2.3
    Checking stylo_taffy v0.3.0-alpha.5
    Checking webpki-roots v0.26.11
    Checking aether v0.0.1 (C:\Users\mark_\Code\repos\mere\crates\orrery\aether)
    Checking windows-sys v0.52.0
    Checking tungstenite v0.29.0
   Compiling grafting v0.3.0 (C:\Users\mark_\Code\repos\wgpu-graft\grafting)
    Checking h3 v0.0.8
    Checking reflink-copy v0.1.30
    Checking md-5 v0.10.6
    Checking toml_datetime v0.6.11
    Checking serde_spanned v0.6.9
    Checking errno v0.3.14
    Checking quick-xml v0.39.4
   Compiling smartstring v1.0.1
    Checking ena v0.14.4
    Checking byteview v0.6.1
    Checking xxhash-rust v0.8.15
    Checking murmurhash32 v0.3.1
    Checking psl-types v2.0.11
   Compiling palette v0.7.6
    Checking varint-rs v2.2.1
    Checking smol_str v0.2.2
    Checking minimal-lexical v0.2.1
   Compiling cap-fs-ext v3.4.5
    Checking toml_write v0.1.2
   Compiling typetag v0.2.22
   Compiling by_address v1.2.1
    Checking pelt-core v0.2.0 (C:\Users\mark_\Code\repos\serval\ports\pelt-core)
    Checking option-ext v0.2.0
    Checking cursor-icon v1.2.0
    Checking h3-quinn v0.0.10
    Checking tantivy-stacker v0.7.0
    Checking value-log v1.9.0
    Checking toml_edit v0.22.27
    Checking nom v7.1.3
    Checking dirs-sys v0.5.0
    Checking psl v2.1.213
    Checking errand v0.1.0 (C:\Users\mark_\Code\repos\errand)
   Compiling palette_derive v0.7.6
    Checking parry2d v0.28.0
    Checking tokio-tungstenite v0.29.0
